---
source: src/parser/tests.rs
expression: "Parser::new(Source::TopLevel(\"return break\")).parse_top_level().unwrap_err()[0]"

---

top-level:
[31m  1 | [0mreturn break
[31m             ^^^^^[0m

[1;31merror[0m : unexpected token : 'break'
