---
source: src/parser/tests.rs
expression: "Parser::new(Source::TopLevel(\"x + 1 = 6\")).parse_top_level().unwrap_err()[0]"

---

top-level:
[31m  1 | [0mx + 1 = 6
[31m      ^^^^^[0m

[1;31merror[0m : this expression cannot be assigned to
