---
source: src/parser/tests.rs
expression: "parser.parse_top_level().unwrap_err()[0]"
---

top-level: 0
[31m  1 | [0mreturn
[31m      ^[0m

[1;31merror[0m : expected expression
