---
source: src/parser/tests.rs
expression: "Parser::new(Source::TopLevel(\"for 0 in range(1, 2) print(1) end\")).parse_top_level().unwrap_err()[0]"

---

top-level:
[31m  1 | [0mfor 0 in range(1, 2) print(1) end
[31m          ^[0m

[1;31merror[0m : expected identifier, found '0'
