---
source: src/parser/tests.rs
expression: "Parser::new(Source::TopLevel(\"t = { a = 1, a = 2 }\")).parse_top_level().unwrap_err()[0]"

---

top-level:
[31m  1 | [0mt = { a = 1, a = 2 }
[31m                   ^[0m

[1;31merror[0m : name 'a' is already declared in the table
