---
source: src/parser/tests.rs
expression: "Parser::new(Source::TopLevel(\"break\")).parse_top_level().unwrap_err()[0]"

---

top-level:
[31m  1 | [0mbreak
[31m      ^^^^^[0m

[1;31merror[0m : unexpected 'break' outside of loop
