---
source: src/parser/tests.rs
expression: "parser.parse_top_level().unwrap_err()[0]"
---

top-level: 0
[31m  1 | [0m0 = 5
[31m      ^[0m

[1;31merror[0m : unexpected token : '0'

[1;34mnote[0m : authorized in this position are 'return', 'global', 'if', 'while', 'for', 'fn', an assignement, or a function call
