---
source: src/parser/tests.rs
expression: "parser.parse_top_level().unwrap_err()[0]"
---

top-level: 0
[31m  1 | [0mx + 1
[31m      ^^^^^[0m

[1;31merror[0m : unexpected expression

[1;34mnote[0m : you can evaluate the expression by wrapping it in parenthesis -> (x + 1)
