---
source: src/runtime/tests.rs
expression: vm.run().unwrap_err()
---
[1;31merror[0m pos 12 :
5 is not a function

