---
source: src/runtime/tests.rs
expression: vm.run().unwrap_err()

---
[1;31merror[0m line 1:
invalid binary operation '^' between nil and 5.2

