---
source: src/runtime/tests.rs
expression: vm.run().unwrap_err()

---
[1;31merror[0m line 1:
nil is not a table

