---
source: src/runtime/tests.rs
expression: vm.run().unwrap_err()
---
[1;31merror[0m pos 22 :
invalid binary operation '-' between <table> and <function>

